{
    "user_name":"yuichi-ouchi",
    "password":""
}