{
    "user_name":"yuichi_ouchi",
    "password":"test"
}